Microchip MPLAB XC8 Compiler V2.32

Linker command line:

-W-3 --edf=C:\Program Files\Microchip\xc8\v2.32\pic\dat\en_msgs.txt -cn \
  -h+dist/default/production\P1_Slave_HC-SR04.X.production.sym \
  --cmf=dist/default/production\P1_Slave_HC-SR04.X.production.cmf -z \
  -Q16F887 -oC:\Users\jefca\AppData\Local\Temp\xcAsk4k.4 \
  --defsym=__MPLAB_BUILD=1 \
  -Mdist/default/production/P1_Slave_HC-SR04.X.production.map -E1 \
  -ver=XC8 Compiler --acfsm=1493 -ASTACK=0110h-016Fh -pstack=STACK \
  -ACODE=00h-07FFhx4 -ASTRCODE=00h-01FFFh -ASTRING=00h-0FFhx32 \
  -ACONST=00h-0FFhx32 -AENTRY=00h-0FFhx32 -ACOMMON=070h-07Fh \
  -ABANK0=020h-06Fh -ABANK1=0A0h-0EFh -ABANK2=0110h-016Fh \
  -ABANK3=0190h-01EFh -ARAM=020h-06Fh,0A0h-0EFh,0110h-016Fh,0190h-01EFh \
  -AABS1=020h-07Fh,0A0h-0EFh,0110h-016Fh,0190h-01EFh -ASFR0=00h-01Fh \
  -ASFR1=080h-09Fh -ASFR2=0100h-010Fh -ASFR3=0180h-018Fh \
  -ACONFIG=02007h-02008h -DCONFIG=2 -AIDLOC=02000h-02003h -DIDLOC=2 \
  -AEEDATA=00h-0FFh/02100h -peeprom_data=EEDATA -DEEDATA=2 -DCODE=2 \
  -DSTRCODE=2 -DSTRING=2 -DCONST=2 -DENTRY=2 \
  -preset_vec=00h,intentry=04h,init,end_init -ppowerup=CODE -pcinit=CODE \
  -pfunctab=ENTRY -k C:\Users\jefca\AppData\Local\Temp\xcAsk4k.o \
  dist/default/production\P1_Slave_HC-SR04.X.production.o 

Object code version is 3.11

Machine type is 16F887



                Name                               Link     Load   Length Selector   Space Scale
C:\Users\jefca\AppData\Local\Temp\xcAsk4k.o
                end_init                              C        C        3        8       0
                reset_vec                             0        0        3        0       0
                config                             2007     2007        2        0       4
dist/default/production\P1_Slave_HC-SR04.X.production.o
                cinit                                 F        F        B        8       0
                intentry                              4        4        8        8       0
                config                             2007     2007        2        0       4
                text12                              FA1      FA1       5F     1F42       0
                text11                              F08      F08       29     1E10       0
                text10                               1A       1A      361        8       0
                text9                               37B      37B      290        8       0
                text8                               EE4      EE4       24     1DC8       0
                text7                               77E      77E       7C        8       0
                text6                               F5B      F5B       46     1EB6       0
                text5                               60B      60B       BC        8       0
                text4                               EAF      EAF        D     1D5E       0
                text3                               EBC      EBC        E     1D78       0
                text2                               ECA      ECA       1A     1D94       0
                text1                               F31      F31       2A     1E62       0
                maintext                            6C7      6C7       B7        8       0
                cstackBANK0                          20       20       3A       20       1
                cstackCOMMON                         70       70        8       70       1
                bssBANK0                             5A       5A        2       20       1
                bssCOMMON                            78       78        3       70       1

TOTAL           Name                               Link     Load   Length     Space
        CLASS   STACK          

        CLASS   CODE           
                end_init                              C        C        3         0
                cinit                                 F        F        B         0
                intentry                              4        4        8         0
                reset_vec                             0        0        3         0
                text12                              FA1      FA1       5F         0
                text11                              F08      F08       29         0
                text10                               1A       1A      361         0
                text9                               37B      37B      290         0
                text8                               EE4      EE4       24         0
                text7                               77E      77E       7C         0
                text6                               F5B      F5B       46         0
                text5                               60B      60B       BC         0
                text4                               EAF      EAF        D         0
                text3                               EBC      EBC        E         0
                text2                               ECA      ECA       1A         0
                text1                               F31      F31       2A         0
                maintext                            6C7      6C7       B7         0

        CLASS   STRCODE        

        CLASS   STRING         

        CLASS   CONST          

        CLASS   ENTRY          

        CLASS   COMMON         
                cstackCOMMON                         70       70        8         1
                bssCOMMON                            78       78        3         1

        CLASS   BANK0          
                cstackBANK0                          20       20       3A         1
                bssBANK0                             5A       5A        2         1

        CLASS   BANK1          

        CLASS   BANK2          

        CLASS   BANK3          

        CLASS   RAM            

        CLASS   ABS1           
                abs_s1                               7E       7E        2         1

        CLASS   SFR0           

        CLASS   SFR1           

        CLASS   SFR2           

        CLASS   SFR3           

        CLASS   CONFIG         
                config                             2007     2007        2         4

        CLASS   IDLOC          

        CLASS   EEDATA         



SEGMENTS        Name                           Load    Length   Top    Selector   Space  Class     Delta

                reset_vec                      000000  000003  000003         0       0  CODE        2
                intentry                       000004  0007F6  0007FA         8       0  CODE        2
                cstackBANK0                    000020  00003C  00005C        20       1  BANK0       1
                cstackCOMMON                   000070  00000B  00007B        70       1  COMMON      1
                text4                          000EAF  00000D  000EBC      1D5E       0  CODE        2
                text3                          000EBC  00000E  000ECA      1D78       0  CODE        2
                text2                          000ECA  00001A  000EE4      1D94       0  CODE        2
                text8                          000EE4  000024  000F08      1DC8       0  CODE        2
                text11                         000F08  000029  000F31      1E10       0  CODE        2
                text1                          000F31  00002A  000F5B      1E62       0  CODE        2
                text6                          000F5B  000046  000FA1      1EB6       0  CODE        2
                text12                         000FA1  00005F  001000      1F42       0  CODE        2


UNUSED ADDRESS RANGES

        Name                Unused          Largest block    Delta
        BANK0            005C-006F             14           1
        BANK1            00A0-00EF             50           1
        BANK2            0110-016F             60           1
        BANK3            0190-01EF             60           1
        CODE             0003-0003              1           2
                         07FA-0EAE              6
                         1000-1FFF            800
        COMMON           007B-007D              3           1
        CONST            0003-0003              1           2
                         07FA-0EAE            100
                         1000-1FFF            100
        EEDATA           2100-21FF            100           2
        ENTRY            0003-0003              1           2
                         07FA-0EAE            100
                         1000-1FFF            100
        IDLOC            2000-2003              4           2
        RAM              005C-006F             14           1
                         00A0-00EF             50
                         0110-016F             60
                         0190-01EF             60
        SFR0             0000-001F             20           1
        SFR1             0080-009F             20           1
        SFR2             0100-010F             10           1
        SFR3             0180-018F             10           1
        STACK            0110-016F             60           1
        STRCODE          0003-0003              1           2
                         07FA-0EAE            6B5
                         1000-1FFF           1000
        STRING           0003-0003              1           2
                         07FA-0EAE            100
                         1000-1FFF            100

                                  Symbol Table

?__Umul8_16              cstackCOMMON 0073
?___fladd                cstackBANK0  0020
?___flmul                cstackBANK0  002A
?___flsub                cstackBANK0  0044
?___fltol                cstackBANK0  004C
?___lwdiv                cstackCOMMON 0073
?___xxtofl               cstackCOMMON 0073
I2C_Slave_Init@address   cstackCOMMON 0073
_ANSEL                   (abs)        0188
_ANSELH                  (abs)        0189
_BF                      (abs)        04A0
_GIE                     (abs)        005F
_I2C_Slave_Init          text2        0ECA
_INTCONbits              (abs)        000B
_OSCCONbits              (abs)        008F
_PEIE                    (abs)        005E
_PIR1bits                (abs)        000C
_PORTA                   (abs)        0005
_PORTB                   (abs)        0006
_PORTBbits               (abs)        0006
_PORTC                   (abs)        0007
_PORTD                   (abs)        0008
_PORTE                   (abs)        0009
_RB0                     (abs)        0030
_RB1                     (abs)        0031
_SSPADD                  (abs)        0093
_SSPBUF                  (abs)        0013
_SSPCON                  (abs)        0014
_SSPCON2                 (abs)        0091
_SSPCON2bits             (abs)        0091
_SSPCONbits              (abs)        0014
_SSPIE                   (abs)        0463
_SSPIF                   (abs)        0063
_SSPSTAT                 (abs)        0094
_SSPSTATbits             (abs)        0094
_T1CONbits               (abs)        0010
_TMR1                    (abs)        000E
_TRISA                   (abs)        0085
_TRISB                   (abs)        0086
_TRISC                   (abs)        0087
_TRISC3                  (abs)        043B
_TRISC4                  (abs)        043C
_TRISCbits               (abs)        0087
_TRISD                   (abs)        0088
_TRISE                   (abs)        0089
__Habs1                  abs1         0000
__Hbank0                 bank0        0000
__Hbank1                 bank1        0000
__Hbank2                 bank2        0000
__Hbank3                 bank3        0000
__HbssBANK0              bssBANK0     0000
__HbssCOMMON             bssCOMMON    0000
__Hcinit                 cinit        001A
__Hclrtext               clrtext      0000
__Hcode                  code         0000
__Hcommon                common       0000
__Hconfig                config       2009
__HcstackBANK0           cstackBANK0  0000
__HcstackCOMMON          cstackCOMMON 0000
__Heeprom_data           eeprom_data  0000
__Hend_init              end_init     000F
__Hfunctab               functab      0000
__Hinit                  init         000C
__Hintentry              intentry     000C
__Hmaintext              maintext     0000
__Hpowerup               powerup      0000
__Hram                   ram          0000
__Hreset_vec             reset_vec    0003
__Hsfr0                  sfr0         0000
__Hsfr1                  sfr1         0000
__Hsfr2                  sfr2         0000
__Hsfr3                  sfr3         0000
__Hspace_0               (abs)        1000
__Hspace_1               (abs)        007B
__Hspace_2               (abs)        0000
__Hspace_3               (abs)        0000
__Hspace_4               (abs)        4010
__Hstack                 stack        0000
__Hstrings               strings      0000
__Htext                  text         0000
__Labs1                  abs1         0000
__Lbank0                 bank0        0000
__Lbank1                 bank1        0000
__Lbank2                 bank2        0000
__Lbank3                 bank3        0000
__LbssBANK0              bssBANK0     0000
__LbssCOMMON             bssCOMMON    0000
__Lcinit                 cinit        000F
__Lclrtext               clrtext      0000
__Lcode                  code         0000
__Lcommon                common       0000
__Lconfig                config       0000
__LcstackBANK0           cstackBANK0  0000
__LcstackCOMMON          cstackCOMMON 0000
__Leeprom_data           eeprom_data  0000
__Lend_init              end_init     000C
__Lfunctab               functab      0000
__Linit                  init         000C
__Lintentry              intentry     0004
__Lmaintext              maintext     0000
__Lpowerup               powerup      0000
__Lram                   ram          0000
__Lreset_vec             reset_vec    0000
__Lsfr0                  sfr0         0000
__Lsfr1                  sfr1         0000
__Lsfr2                  sfr2         0000
__Lsfr3                  sfr3         0000
__Lspace_0               (abs)        0000
__Lspace_1               (abs)        0000
__Lspace_2               (abs)        0000
__Lspace_3               (abs)        0000
__Lspace_4               (abs)        0000
__Lstack                 stack        0000
__Lstrings               strings      0000
__Ltext                  text         0000
__S0                     (abs)        1000
__S1                     (abs)        007B
__S2                     (abs)        0000
__S3                     (abs)        0000
__Umul8_16               text11       0F08
__Umul8_16@multiplicand  cstackCOMMON 0073
__Umul8_16@multiplier    cstackBANK0  0024
__Umul8_16@product       cstackBANK0  0020
__Umul8_16@word_mpld     cstackBANK0  0022
___fladd                 text9        037B
___fladd@a               cstackBANK0  0024
___fladd@aexp            cstackCOMMON 0074
___fladd@b               cstackBANK0  0020
___fladd@bexp            cstackCOMMON 0075
___fladd@grs             cstackCOMMON 0076
___fladd@signs           cstackCOMMON 0073
___flmul                 text10       001A
___flmul@a               cstackBANK0  002E
___flmul@aexp            cstackBANK0  003C
___flmul@b               cstackBANK0  002A
___flmul@bexp            cstackBANK0  003D
___flmul@grs             cstackBANK0  0038
___flmul@prod            cstackBANK0  003E
___flmul@sign            cstackBANK0  0037
___flmul@temp            cstackBANK0  0042
___flsub                 text8        0EE4
___flsub@a               cstackBANK0  0044
___flsub@b               cstackBANK0  0048
___fltol                 text7        077E
___fltol@exp1            cstackBANK0  0056
___fltol@f1              cstackBANK0  004C
___fltol@sign1           cstackBANK0  0055
___int_sp                stack        0000
___latbits               (abs)        0002
___lwdiv                 text6        0F5B
___lwdiv@counter         cstackBANK0  0020
___lwdiv@dividend        cstackCOMMON 0075
___lwdiv@divisor         cstackCOMMON 0073
___lwdiv@quotient        cstackBANK0  0021
___sp                    stack        0000
___stackhi               (abs)        0000
___stacklo               (abs)        0000
___xxtofl                text5        060B
___xxtofl@arg            cstackBANK0  0026
___xxtofl@exp            cstackBANK0  0025
___xxtofl@sign           cstackBANK0  0024
___xxtofl@val            cstackCOMMON 0073
__end_of_I2C_Slave_Init  text2        0EE4
__end_of__Umul8_16       text11       0F31
__end_of___fladd         text9        060B
__end_of___flmul         text10       037B
__end_of___flsub         text8        0F08
__end_of___fltol         text7        07FA
__end_of___lwdiv         text6        0FA1
__end_of___xxtofl        text5        06C7
__end_of__initialization cinit        0016
__end_of_isr             text12       1000
__end_of_main            maintext     077E
__end_of_pulseIn         text4        0EBC
__end_of_pulseOut        text3        0ECA
__end_of_setup           text1        0F5B
__initialization         cinit        000F
__pbssBANK0              bssBANK0     005A
__pbssCOMMON             bssCOMMON    0078
__pcstackBANK0           cstackBANK0  0020
__pcstackCOMMON          cstackCOMMON 0070
__pintentry              intentry     0004
__pmaintext              maintext     06C7
__ptext1                 text1        0F31
__ptext10                text10       001A
__ptext11                text11       0F08
__ptext12                text12       0FA1
__ptext2                 text2        0ECA
__ptext3                 text3        0EBC
__ptext4                 text4        0EAF
__ptext5                 text5        060B
__ptext6                 text6        0F5B
__ptext7                 text7        077E
__ptext8                 text8        0EE4
__ptext9                 text9        037B
__size_of_I2C_Slave_Init (abs)        0000
__size_of__Umul8_16      (abs)        0000
__size_of___fladd        (abs)        0000
__size_of___flmul        (abs)        0000
__size_of___flsub        (abs)        0000
__size_of___fltol        (abs)        0000
__size_of___lwdiv        (abs)        0000
__size_of___xxtofl       (abs)        0000
__size_of_isr            (abs)        0000
__size_of_main           (abs)        0000
__size_of_pulseIn        (abs)        0000
__size_of_pulseOut       (abs)        0000
__size_of_setup          (abs)        0000
_distancia               bssCOMMON    007A
_duracion                bssBANK0     005A
_isr                     text12       0FA1
_main                    maintext     06C7
_pulseIn                 text4        0EAF
_pulseOut                text3        0EBC
_setup                   text1        0F31
_tnk                     bssCOMMON    0079
_z                       bssCOMMON    0078
btemp                    (abs)        007E
end_of_initialization    cinit        0016
interrupt_function       intentry     0004
intlevel0                functab      0000
intlevel1                functab      0000
intlevel2                functab      0000
intlevel3                functab      0000
intlevel4                functab      0000
intlevel5                functab      0000
reset_vec                reset_vec    0000
saved_w                  (abs)        007E
start                    init         000C
start_initialization     cinit        000F
wtemp0                   (abs)        007E


MODULE INFORMATION

Module		Function		Class		Link	Load	Size
C:\Program Files\Microchip\xc8\v2.32\pic\sources\c90\common\sprcadd.c
		___flsub       		CODE           	0EE4	0000	36
		___fladd       		CODE           	037B	0000	656

C:\Program Files\Microchip\xc8\v2.32\pic\sources\c90\common\sprcadd.c estimated size: 692

C:\Program Files\Microchip\xc8\v2.32\pic\sources\c90\common\xxtofl.c
		___xxtofl      		CODE           	060B	0000	188

C:\Program Files\Microchip\xc8\v2.32\pic\sources\c90\common\xxtofl.c estimated size: 188

I2C.c
		_I2C_Slave_Init		CODE           	0ECA	0000	26

I2C.c estimated size: 26

C:\Program Files\Microchip\xc8\v2.32\pic\sources\c90\common\Umul8_16.c
		__Umul8_16     		CODE           	0F08	0000	41

C:\Program Files\Microchip\xc8\v2.32\pic\sources\c90\common\Umul8_16.c estimated size: 41

P1 Slave3 HC-SR04.c
		_main          		CODE           	06C7	0000	183
		_pulseOut      		CODE           	0EBC	0000	14
		_pulseIn       		CODE           	0EAF	0000	13
		_isr           		CODE           	0FA1	0000	95
		_setup         		CODE           	0F31	0000	42

P1 Slave3 HC-SR04.c estimated size: 347

shared
		__initialization		CODE           	000F	0000	7

shared estimated size: 7

C:\Program Files\Microchip\xc8\v2.32\pic\sources\c90\common\sprcmul.c
		___flmul       		CODE           	001A	0000	865

C:\Program Files\Microchip\xc8\v2.32\pic\sources\c90\common\sprcmul.c estimated size: 865

C:\Program Files\Microchip\xc8\v2.32\pic\sources\c90\common\lwdiv.c
		___lwdiv       		CODE           	0F5B	0000	70

C:\Program Files\Microchip\xc8\v2.32\pic\sources\c90\common\lwdiv.c estimated size: 70

C:\Program Files\Microchip\xc8\v2.32\pic\sources\c90\common\fltol.c
		___fltol       		CODE           	077E	0000	124

C:\Program Files\Microchip\xc8\v2.32\pic\sources\c90\common\fltol.c estimated size: 124

